// Jest Snapshot v1, https://goo.gl/fbAQLP

exports[`Footer tests should match snapshot 1`] = `
<DocumentFragment>
  <footer
    class="Footer"
  >
    <p>
      <a
        data-testid="footer"
        href="https://github.com/nataliepina"
        rel="noopener noreferrer"
        target="_blank"
      >
        Natalie Pina Â©2021
      </a>
    </p>
  </footer>
</DocumentFragment>
`;
